
> polystrukt-gencad@0.0.0 test
> vitest


[1m[44m DEV [49m[22m [34mv4.0.16 [39m[90m/home/user/POLYSTRUKT-CODE-REPO[39m

 [31m❯[39m src/tests/App.test.tsx [2m([22m[2m2 tests[22m[2m | [22m[31m1 failed[39m[2m)[22m[32m 173[2mms[22m[39m
[31m     [31m×[31m renders Workspace when logged in[39m[32m 123[2mms[22m[39m
     [32m✓[39m renders landing page when not logged in[32m 41[2mms[22m[39m

[31m⎯⎯⎯⎯⎯⎯⎯[39m[1m[41m Failed Tests 1 [49m[22m[31m⎯⎯⎯⎯⎯⎯⎯[39m

[41m[1m FAIL [22m[49m src/tests/App.test.tsx[2m > [22mApp[2m > [22mrenders Workspace when logged in
[31m[1mTypeError[22m: parse5.serializeOuter is not a function[39m
[90m [2m❯[22m module.exports.fragmentSerialization node_modules/jsdom/lib/jsdom/living/domparsing/serialization.js:[2m19:27[22m[39m
[90m [2m❯[22m HTMLBodyElementImpl.get outerHTML [as outerHTML] node_modules/jsdom/lib/jsdom/living/nodes/Element-impl.js:[2m170:12[22m[39m
[90m [2m❯[22m HTMLBodyElement.get outerHTML [as outerHTML] node_modules/jsdom/lib/jsdom/living/generated/Element.js:[2m1345:35[22m[39m
[90m [2m❯[22m prettyDOM node_modules/@testing-library/dom/dist/pretty-dom.js:[2m86:41[22m[39m
[90m [2m❯[22m Object.getElementError node_modules/@testing-library/dom/dist/config.js:[2m36:52[22m[39m
[90m [2m❯[22m node_modules/@testing-library/dom/dist/query-helpers.js:[2m76:38[22m[39m
[90m [2m❯[22m node_modules/@testing-library/dom/dist/query-helpers.js:[2m52:17[22m[39m
[90m [2m❯[22m node_modules/@testing-library/dom/dist/query-helpers.js:[2m95:19[22m[39m
[36m [2m❯[22m src/tests/App.test.tsx:[2m45:23[22m[39m
    [90m 43| [39m      [34mit[39m([32m'renders Workspace when logged in'[39m[33m,[39m () [33m=>[39m {
    [90m 44| [39m        [34mrender[39m([33m<[39m[33mApp[39m [33m/[39m[33m>[39m)[33m;[39m
    [90m 45| [39m        [34mexpect[39m(screen[33m.[39m[34mgetByText[39m([32m'Workspace Mock'[39m))[33m.[39m[34mtoBeInTheDocument[39m()[33m;[39m
    [90m   | [39m                      [31m^[39m
    [90m 46| [39m      })[33m;[39m
    [90m 47| [39m

[31m[2m⎯⎯⎯⎯⎯⎯⎯⎯⎯⎯⎯⎯⎯⎯⎯⎯⎯⎯⎯⎯⎯⎯⎯⎯[1/1]⎯[22m[39m


[2m Test Files [22m [1m[31m1 failed[39m[22m[90m (1)[39m
[2m      Tests [22m [1m[31m1 failed[39m[22m[2m | [22m[1m[32m1 passed[39m[22m[90m (2)[39m
[2m   Start at [22m 00:51:02
[2m   Duration [22m 7.34s[2m (transform 1.16s, setup 1.33s, import 1.64s, tests 173ms, environment 2.99s)[22m

[1m[41m FAIL [49m[22m [31mTests failed. Watching for file changes...[39m
       [2mpress [22m[1mh[22m[2m to show help[22m[2m, [22m[2mpress [22m[1mq[22m[2m to quit[22m
